
> realtime-chat-backend@1.0.0 test
> jest tests/services/aiServices.test.js

  console.error
    Gemini Error: Cannot read properties of undefined (reading 'startChat')

    [0m [90m 47 |[39m     [36mreturn[39m response[33m;[39m
     [90m 48 |[39m   } [36mcatch[39m (error) {
    [31m[1m>[22m[39m[90m 49 |[39m     console[33m.[39merror([32m'Gemini Error:'[39m[33m,[39m error[33m.[39mmessage)[33m;[39m
     [90m    |[39m             [31m[1m^[22m[39m
     [90m 50 |[39m     
     [90m 51 |[39m     [90m// Fallback responses[39m
     [90m 52 |[39m     [36mif[39m (error[33m.[39mmessage[33m.[39mincludes([32m'API key'[39m)) {[0m

      at error (services/geminiService.js:49:13)
      at Object.getGeminiResponse (tests/services/aiServices.test.js:37:36)

  console.error
    Gemini Error: Cannot read properties of undefined (reading 'startChat')

    [0m [90m 47 |[39m     [36mreturn[39m response[33m;[39m
     [90m 48 |[39m   } [36mcatch[39m (error) {
    [31m[1m>[22m[39m[90m 49 |[39m     console[33m.[39merror([32m'Gemini Error:'[39m[33m,[39m error[33m.[39mmessage)[33m;[39m
     [90m    |[39m             [31m[1m^[22m[39m
     [90m 50 |[39m     
     [90m 51 |[39m     [90m// Fallback responses[39m
     [90m 52 |[39m     [36mif[39m (error[33m.[39mmessage[33m.[39mincludes([32m'API key'[39m)) {[0m

      at error (services/geminiService.js:49:13)
      at Object.getGeminiResponse (tests/services/aiServices.test.js:50:36)

  console.error
    Sentiment Analysis Error: API Down

    [0m [90m 72 |[39m         [36mreturn[39m getKeywordSentiment(text)[33m;[39m
     [90m 73 |[39m     } [36mcatch[39m (error) {
    [31m[1m>[22m[39m[90m 74 |[39m         console[33m.[39merror([32m'Sentiment Analysis Error:'[39m[33m,[39m error[33m.[39mmessage)[33m;[39m
     [90m    |[39m                 [31m[1m^[22m[39m
     [90m 75 |[39m         [36mreturn[39m getKeywordSentiment(text)[33m;[39m
     [90m 76 |[39m     }
     [90m 77 |[39m }[33m;[39m[0m

      at error (services/sentimentService.js:74:17)
      at Object.<anonymous> (tests/services/aiServices.test.js:72:28)

  console.error
    Smart Reply Error: Groq Down

    [0m [90m 71 |[39m         [36mreturn[39m getTemplateReplies(message)[33m;[39m
     [90m 72 |[39m     } [36mcatch[39m (error) {
    [31m[1m>[22m[39m[90m 73 |[39m         console[33m.[39merror([32m'Smart Reply Error:'[39m[33m,[39m error[33m.[39mmessage)[33m;[39m
     [90m    |[39m                 [31m[1m^[22m[39m
     [90m 74 |[39m         [36mreturn[39m getTemplateReplies(message)[33m;[39m
     [90m 75 |[39m     }
     [90m 76 |[39m }[33m;[39m[0m

      at error (services/smartReplyService.js:73:17)
      at Object.<anonymous> (tests/services/aiServices.test.js:99:29)

node.exe : FAIL tests/services/aiServices.test.js
At line:1 char:1
+ & "C:\Program Files\nodejs/node.exe" "C:\Program Files\nodejs/node_mo ...
+ ~~~~~~~~~~~~~~~~~~~~~~~~~~~~~~~~~~~~~~~~~~~~~~~~~~~~~~~~~~~~~~~~~~~~~
    + CategoryInfo          : NotSpecified: (FAIL tests/services/aiServices.test. 
   js:String) [], RemoteException
    + FullyQualifiedErrorId : NativeCommandError
 
  AI Services Integration Tests
    Gemini Service
      ├ù should return AI response successfully (61 ms)
      ├ù should handle API errors gracefully (8 ms)
    Sentiment Service
      ΓêÜ should analyze sentiment correctly (Positive) (1 ms)
      ΓêÜ should fallback to keyword analysis on API failure (6 ms)
    Smart Reply Service
      ΓêÜ should generate smart replies via Groq (3 ms)
      ΓêÜ should fallback to template replies on failure (6 ms)

  ΓùÅ AI Services Integration Tests ΓÇ║ Gemini Service ΓÇ║ should return AI 
response successfully

    expect(received).toBe(expected) // Object.is equality

    Expected: "Hello from Gemini"
    Received: "≡ƒñû I'm having trouble connecting right now. Please try again!"

    [0m [90m 37 |[39m             [36mconst[39m response [33m=[39m 
[36mawait[39m getGeminiResponse([32m'user123'[39m[33m,[39m 
[32m'Hi'[39m)[33m;[39m
     [90m 38 |[39m
    [31m[1m>[22m[39m[90m 39 |[39m             
expect(response)[33m.[39mtoBe([32m'Hello from Gemini'[39m)[33m;[39m
     [90m    |[39m                              [31m[1m^[22m[39m
     [90m 40 |[39m             
expect(mockStartChat)[33m.[39mtoHaveBeenCalled()[33m;[39m
     [90m 41 |[39m             
expect(mockSendMessage)[33m.[39mtoHaveBeenCalledWith([32m'Hi'[39m)[33m;[39m
     [90m 42 |[39m         })[33m;[39m[0m

      at Object.toBe (tests/services/aiServices.test.js:39:30)

  ΓùÅ AI Services Integration Tests ΓÇ║ Gemini Service ΓÇ║ should handle API 
errors gracefully

    expect(received).toContain(expected) // indexOf

    Expected substring: "Invalid Gemini API key"
    Received string:    "≡ƒñû I'm having trouble connecting right now. Please try 
again!"

    [0m [90m 49 |[39m
     [90m 50 |[39m             [36mconst[39m response [33m=[39m 
[36mawait[39m getGeminiResponse([32m'user123'[39m[33m,[39m 
[32m'Hi'[39m)[33m;[39m
    [31m[1m>[22m[39m[90m 51 |[39m             
expect(response)[33m.[39mtoContain([32m'Invalid Gemini API 
key'[39m)[33m;[39m
     [90m    |[39m                              [31m[1m^[22m[39m
     [90m 52 |[39m         })[33m;[39m
     [90m 53 |[39m     })[33m;[39m
     [90m 54 |[39m[0m

      at Object.toContain (tests/services/aiServices.test.js:51:30)

Test Suites: 1 failed, 1 total
Tests:       2 failed, 4 passed, 6 total
Snapshots:   0 total
Time:        0.853 s, estimated 1 s
Ran all test suites matching tests/services/aiServices.test.js.
